<testsuites name="jest tests" tests="7" failures="0" time="0.851">
  <testsuite name="undefined" errors="0" failures="0" skipped="0" timestamp="2021-10-08T16:08:10" time="0.851" tests="7">
    <testcase classname=" initial UI is rendered as expected" name=" initial UI is rendered as expected" time="0.027">
    </testcase>
    <testcase classname=" click on color 1 changes the canvas color" name=" click on color 1 changes the canvas color" time="0.009">
    </testcase>
    <testcase classname=" click on color 2 changes the canvas color" name=" click on color 2 changes the canvas color" time="0.006">
    </testcase>
    <testcase classname=" click on color 3 changes the canvas color" name=" click on color 3 changes the canvas color" time="0.007">
    </testcase>
    <testcase classname=" click on color 4 changes the canvas color" name=" click on color 4 changes the canvas color" time="0.005">
    </testcase>
    <testcase classname=" click on color 5 changes the canvas color" name=" click on color 5 changes the canvas color" time="0.006">
    </testcase>
    <testcase classname=" click on color 6 changes the canvas color" name=" click on color 6 changes the canvas color" time="0.006">
    </testcase>
  </testsuite>
</testsuites>